2026-07-26 17:49:09,897 | Loading WikiText-2 (train)...
2026-07-26 17:49:09,959 | HTTP Request: HEAD https://huggingface.co/datasets/wikitext/resolve/main/README.md "HTTP/1.1 307 Temporary Redirect"
2026-07-26 17:49:09,984 | HTTP Request: HEAD https://huggingface.co/datasets/Salesforce/wikitext/resolve/main/README.md "HTTP/1.1 307 Temporary Redirect"
Warning: You are sending unauthenticated requests to the HF Hub. Please set a HF_TOKEN to enable higher rate limits and faster downloads.
2026-07-26 17:49:09,984 | Warning: You are sending unauthenticated requests to the HF Hub. Please set a HF_TOKEN to enable higher rate limits and faster downloads.
2026-07-26 17:49:09,992 | HTTP Request: HEAD https://huggingface.co/api/resolve-cache/datasets/Salesforce/wikitext/b08601e04326c79dfdd32d625aee71d232d685c3/README.md "HTTP/1.1 200 OK"
2026-07-26 17:49:10,024 | HTTP Request: HEAD https://huggingface.co/datasets/wikitext/resolve/b08601e04326c79dfdd32d625aee71d232d685c3/wikitext.py "HTTP/1.1 307 Temporary Redirect"
2026-07-26 17:49:10,047 | HTTP Request: HEAD https://huggingface.co/datasets/Salesforce/wikitext/resolve/b08601e04326c79dfdd32d625aee71d232d685c3/wikitext.py "HTTP/1.1 404 Not Found"
2026-07-26 17:49:10,116 | HTTP Request: HEAD https://s3.amazonaws.com/datasets.huggingface.co/datasets/datasets/wikitext/wikitext.py "HTTP/1.1 200 OK"
2026-07-26 17:49:10,158 | HTTP Request: GET https://huggingface.co/api/datasets/wikitext/revision/b08601e04326c79dfdd32d625aee71d232d685c3 "HTTP/1.1 307 Temporary Redirect"
2026-07-26 17:49:10,185 | HTTP Request: GET https://huggingface.co/api/datasets/Salesforce/wikitext/revision/b08601e04326c79dfdd32d625aee71d232d685c3 "HTTP/1.1 200 OK"
2026-07-26 17:49:10,212 | HTTP Request: HEAD https://huggingface.co/datasets/wikitext/resolve/b08601e04326c79dfdd32d625aee71d232d685c3/.huggingface.yaml "HTTP/1.1 307 Temporary Redirect"
2026-07-26 17:49:10,289 | HTTP Request: HEAD https://huggingface.co/datasets/Salesforce/wikitext/resolve/b08601e04326c79dfdd32d625aee71d232d685c3/.huggingface.yaml "HTTP/1.1 404 Not Found"
2026-07-26 17:49:10,408 | HTTP Request: GET https://datasets-server.huggingface.co/info?dataset=wikitext "HTTP/1.1 404 Not Found"
2026-07-26 17:49:10,437 | HTTP Request: GET https://huggingface.co/api/datasets/wikitext/tree/b08601e04326c79dfdd32d625aee71d232d685c3/wikitext-103-raw-v1?recursive=true&expand=false "HTTP/1.1 307 Temporary Redirect"
2026-07-26 17:49:10,465 | HTTP Request: GET https://huggingface.co/api/datasets/Salesforce/wikitext/tree/b08601e04326c79dfdd32d625aee71d232d685c3/wikitext-103-raw-v1?recursive=true&expand=false "HTTP/1.1 200 OK"
2026-07-26 17:49:10,490 | HTTP Request: GET https://huggingface.co/api/datasets/wikitext/tree/b08601e04326c79dfdd32d625aee71d232d685c3?recursive=false&expand=false "HTTP/1.1 307 Temporary Redirect"
2026-07-26 17:49:10,520 | HTTP Request: GET https://huggingface.co/api/datasets/Salesforce/wikitext/tree/b08601e04326c79dfdd32d625aee71d232d685c3?recursive=false&expand=false "HTTP/1.1 200 OK"
2026-07-26 17:49:10,550 | HTTP Request: HEAD https://huggingface.co/datasets/wikitext/resolve/b08601e04326c79dfdd32d625aee71d232d685c3/dataset_infos.json "HTTP/1.1 307 Temporary Redirect"
2026-07-26 17:49:10,575 | HTTP Request: HEAD https://huggingface.co/datasets/Salesforce/wikitext/resolve/b08601e04326c79dfdd32d625aee71d232d685c3/dataset_infos.json "HTTP/1.1 404 Not Found"
2026-07-26 17:49:10,604 | HTTP Request: GET https://huggingface.co/api/datasets/wikitext/tree/b08601e04326c79dfdd32d625aee71d232d685c3/wikitext-2-v1?recursive=true&expand=false "HTTP/1.1 307 Temporary Redirect"
2026-07-26 17:49:10,636 | HTTP Request: GET https://huggingface.co/api/datasets/Salesforce/wikitext/tree/b08601e04326c79dfdd32d625aee71d232d685c3/wikitext-2-v1?recursive=true&expand=false "HTTP/1.1 200 OK"
2026-07-26 17:49:12,488 | Dataset (train) ready. 2051910 tokens, vocab=10000
2026-07-26 17:49:12,489 | Loading WikiText-2 (validation)...
2026-07-26 17:49:12,511 | HTTP Request: HEAD https://huggingface.co/datasets/wikitext/resolve/main/README.md "HTTP/1.1 307 Temporary Redirect"
2026-07-26 17:49:12,532 | HTTP Request: HEAD https://huggingface.co/datasets/Salesforce/wikitext/resolve/main/README.md "HTTP/1.1 307 Temporary Redirect"
2026-07-26 17:49:12,540 | HTTP Request: HEAD https://huggingface.co/api/resolve-cache/datasets/Salesforce/wikitext/b08601e04326c79dfdd32d625aee71d232d685c3/README.md "HTTP/1.1 200 OK"
2026-07-26 17:49:12,567 | HTTP Request: HEAD https://huggingface.co/datasets/wikitext/resolve/b08601e04326c79dfdd32d625aee71d232d685c3/wikitext.py "HTTP/1.1 307 Temporary Redirect"
2026-07-26 17:49:12,591 | HTTP Request: HEAD https://huggingface.co/datasets/Salesforce/wikitext/resolve/b08601e04326c79dfdd32d625aee71d232d685c3/wikitext.py "HTTP/1.1 404 Not Found"
2026-07-26 17:49:12,614 | HTTP Request: HEAD https://s3.amazonaws.com/datasets.huggingface.co/datasets/datasets/wikitext/wikitext.py "HTTP/1.1 200 OK"
2026-07-26 17:49:12,675 | HTTP Request: HEAD https://huggingface.co/datasets/wikitext/resolve/b08601e04326c79dfdd32d625aee71d232d685c3/.huggingface.yaml "HTTP/1.1 307 Temporary Redirect"
2026-07-26 17:49:12,702 | HTTP Request: HEAD https://huggingface.co/datasets/Salesforce/wikitext/resolve/b08601e04326c79dfdd32d625aee71d232d685c3/.huggingface.yaml "HTTP/1.1 404 Not Found"
2026-07-26 17:49:12,740 | HTTP Request: GET https://datasets-server.huggingface.co/info?dataset=wikitext "HTTP/1.1 404 Not Found"
2026-07-26 17:49:12,771 | HTTP Request: HEAD https://huggingface.co/datasets/wikitext/resolve/b08601e04326c79dfdd32d625aee71d232d685c3/dataset_infos.json "HTTP/1.1 307 Temporary Redirect"
2026-07-26 17:49:12,797 | HTTP Request: HEAD https://huggingface.co/datasets/Salesforce/wikitext/resolve/b08601e04326c79dfdd32d625aee71d232d685c3/dataset_infos.json "HTTP/1.1 404 Not Found"
2026-07-26 17:49:12,969 | Dataset (validation) ready. 213886 tokens, vocab=10000
